[   20510ms] [WARNING] WebSocket connection to 'wss://puer.im/socket.io/?EIO=4&transport=websocket' failed: WebSocket is closed before the connection is established. @ https://puer.im/_next/static/chunks/0x15z029u118o.js:0
[   41209ms] [WARNING] WebSocket connection to 'wss://puer.im/socket.io/?EIO=4&transport=websocket' failed: WebSocket is closed before the connection is established. @ https://puer.im/_next/static/chunks/0x15z029u118o.js:0
[   63516ms] [WARNING] WebSocket connection to 'wss://puer.im/socket.io/?EIO=4&transport=websocket' failed: WebSocket is closed before the connection is established. @ https://puer.im/_next/static/chunks/0x15z029u118o.js:0
[   88522ms] [WARNING] WebSocket connection to 'wss://puer.im/socket.io/?EIO=4&transport=websocket' failed: WebSocket is closed before the connection is established. @ https://puer.im/_next/static/chunks/0x15z029u118o.js:0
[  113530ms] [WARNING] WebSocket connection to 'wss://puer.im/socket.io/?EIO=4&transport=websocket' failed: WebSocket is closed before the connection is established. @ https://puer.im/_next/static/chunks/0x15z029u118o.js:0
[  135480ms] [ERROR] Failed to load resource: the server responded with a status of 400 () @ https://puer.im/api/comments:0
[  138536ms] [WARNING] WebSocket connection to 'wss://puer.im/socket.io/?EIO=4&transport=websocket' failed: WebSocket is closed before the connection is established. @ https://puer.im/_next/static/chunks/0x15z029u118o.js:0
[  148172ms] [ERROR] WebSocket connection to 'wss://puer.im/socket.io/?EIO=4&transport=websocket' failed: Error during WebSocket handshake: net::ERR_NETWORK_IO_SUSPENDED @ https://puer.im/_next/static/chunks/0x15z029u118o.js:0
[  273498ms] [ERROR] WebSocket connection to 'wss://puer.im/socket.io/?EIO=4&transport=websocket' failed: Connection closed before receiving a handshake response @ https://puer.im/_next/static/chunks/0x15z029u118o.js:0
[  517706ms] [ERROR] Failed to load resource: the server responded with a status of 400 () @ https://puer.im/api/comments:0
[  522061ms] [WARNING] WebSocket connection to 'wss://puer.im/socket.io/?EIO=4&transport=websocket' failed: WebSocket is closed before the connection is established. @ https://puer.im/_next/static/chunks/0x15z029u118o.js:0
[  547068ms] [WARNING] WebSocket connection to 'wss://puer.im/socket.io/?EIO=4&transport=websocket' failed: WebSocket is closed before the connection is established. @ https://puer.im/_next/static/chunks/0x15z029u118o.js:0
[ 1547088ms] [WARNING] WebSocket connection to 'wss://puer.im/socket.io/?EIO=4&transport=websocket' failed: WebSocket is closed before the connection is established. @ https://puer.im/_next/static/chunks/0x15z029u118o.js:0
[ 1572093ms] [WARNING] WebSocket connection to 'wss://puer.im/socket.io/?EIO=4&transport=websocket' failed: WebSocket is closed before the connection is established. @ https://puer.im/_next/static/chunks/0x15z029u118o.js:0
[ 1575659ms] [ERROR] Failed to load resource: the server responded with a status of 500 () @ https://puer.im/api/upload:0
[ 1597098ms] [WARNING] WebSocket connection to 'wss://puer.im/socket.io/?EIO=4&transport=websocket' failed: WebSocket is closed before the connection is established. @ https://puer.im/_next/static/chunks/0x15z029u118o.js:0
[ 1622104ms] [WARNING] WebSocket connection to 'wss://puer.im/socket.io/?EIO=4&transport=websocket' failed: WebSocket is closed before the connection is established. @ https://puer.im/_next/static/chunks/0x15z029u118o.js:0
[ 1971203ms] [ERROR] WebSocket connection to 'wss://puer.im/socket.io/?EIO=4&transport=websocket' failed: Connection closed before receiving a handshake response @ https://puer.im/_next/static/chunks/0x15z029u118o.js:0
[ 2244439ms] [WARNING] WebSocket connection to 'wss://puer.im/socket.io/?EIO=4&transport=websocket' failed: WebSocket is closed before the connection is established. @ https://puer.im/_next/static/chunks/0x15z029u118o.js:0
[ 2269441ms] [WARNING] WebSocket connection to 'wss://puer.im/socket.io/?EIO=4&transport=websocket' failed: WebSocket is closed before the connection is established. @ https://puer.im/_next/static/chunks/0x15z029u118o.js:0
[ 2294444ms] [WARNING] WebSocket connection to 'wss://puer.im/socket.io/?EIO=4&transport=websocket' failed: WebSocket is closed before the connection is established. @ https://puer.im/_next/static/chunks/0x15z029u118o.js:0
[ 2319448ms] [WARNING] WebSocket connection to 'wss://puer.im/socket.io/?EIO=4&transport=websocket' failed: WebSocket is closed before the connection is established. @ https://puer.im/_next/static/chunks/0x15z029u118o.js:0
[ 2344453ms] [WARNING] WebSocket connection to 'wss://puer.im/socket.io/?EIO=4&transport=websocket' failed: WebSocket is closed before the connection is established. @ https://puer.im/_next/static/chunks/0x15z029u118o.js:0
[ 2369459ms] [WARNING] WebSocket connection to 'wss://puer.im/socket.io/?EIO=4&transport=websocket' failed: WebSocket is closed before the connection is established. @ https://puer.im/_next/static/chunks/0x15z029u118o.js:0
[ 2394464ms] [WARNING] WebSocket connection to 'wss://puer.im/socket.io/?EIO=4&transport=websocket' failed: WebSocket is closed before the connection is established. @ https://puer.im/_next/static/chunks/0x15z029u118o.js:0
[ 2419468ms] [WARNING] WebSocket connection to 'wss://puer.im/socket.io/?EIO=4&transport=websocket' failed: WebSocket is closed before the connection is established. @ https://puer.im/_next/static/chunks/0x15z029u118o.js:0
[ 2444472ms] [WARNING] WebSocket connection to 'wss://puer.im/socket.io/?EIO=4&transport=websocket' failed: WebSocket is closed before the connection is established. @ https://puer.im/_next/static/chunks/0x15z029u118o.js:0
[ 2469477ms] [WARNING] WebSocket connection to 'wss://puer.im/socket.io/?EIO=4&transport=websocket' failed: WebSocket is closed before the connection is established. @ https://puer.im/_next/static/chunks/0x15z029u118o.js:0
[ 2494483ms] [WARNING] WebSocket connection to 'wss://puer.im/socket.io/?EIO=4&transport=websocket' failed: WebSocket is closed before the connection is established. @ https://puer.im/_next/static/chunks/0x15z029u118o.js:0
[ 2519488ms] [WARNING] WebSocket connection to 'wss://puer.im/socket.io/?EIO=4&transport=websocket' failed: WebSocket is closed before the connection is established. @ https://puer.im/_next/static/chunks/0x15z029u118o.js:0
[ 2544493ms] [WARNING] WebSocket connection to 'wss://puer.im/socket.io/?EIO=4&transport=websocket' failed: WebSocket is closed before the connection is established. @ https://puer.im/_next/static/chunks/0x15z029u118o.js:0
[ 2569496ms] [WARNING] WebSocket connection to 'wss://puer.im/socket.io/?EIO=4&transport=websocket' failed: WebSocket is closed before the connection is established. @ https://puer.im/_next/static/chunks/0x15z029u118o.js:0
[ 2594503ms] [WARNING] WebSocket connection to 'wss://puer.im/socket.io/?EIO=4&transport=websocket' failed: WebSocket is closed before the connection is established. @ https://puer.im/_next/static/chunks/0x15z029u118o.js:0
[ 2619510ms] [WARNING] WebSocket connection to 'wss://puer.im/socket.io/?EIO=4&transport=websocket' failed: WebSocket is closed before the connection is established. @ https://puer.im/_next/static/chunks/0x15z029u118o.js:0
[ 2644513ms] [WARNING] WebSocket connection to 'wss://puer.im/socket.io/?EIO=4&transport=websocket' failed: WebSocket is closed before the connection is established. @ https://puer.im/_next/static/chunks/0x15z029u118o.js:0
[ 2669520ms] [WARNING] WebSocket connection to 'wss://puer.im/socket.io/?EIO=4&transport=websocket' failed: WebSocket is closed before the connection is established. @ https://puer.im/_next/static/chunks/0x15z029u118o.js:0
[ 2694527ms] [WARNING] WebSocket connection to 'wss://puer.im/socket.io/?EIO=4&transport=websocket' failed: WebSocket is closed before the connection is established. @ https://puer.im/_next/static/chunks/0x15z029u118o.js:0
[ 2711666ms] [ERROR] WebSocket connection to 'wss://puer.im/socket.io/?EIO=4&transport=websocket' failed: Error during WebSocket handshake: net::ERR_NETWORK_IO_SUSPENDED @ https://puer.im/_next/static/chunks/0x15z029u118o.js:0
[ 2991606ms] [WARNING] WebSocket connection to 'wss://puer.im/socket.io/?EIO=4&transport=websocket' failed: WebSocket is closed before the connection is established. @ https://puer.im/_next/static/chunks/0x15z029u118o.js:0
[ 3056767ms] [ERROR] WebSocket connection to 'wss://puer.im/socket.io/?EIO=4&transport=websocket' failed: Connection closed before receiving a handshake response @ https://puer.im/_next/static/chunks/0x15z029u118o.js:0
[ 3081773ms] [WARNING] WebSocket connection to 'wss://puer.im/socket.io/?EIO=4&transport=websocket' failed: WebSocket is closed before the connection is established. @ https://puer.im/_next/static/chunks/0x15z029u118o.js:0
[ 3106776ms] [WARNING] WebSocket connection to 'wss://puer.im/socket.io/?EIO=4&transport=websocket' failed: WebSocket is closed before the connection is established. @ https://puer.im/_next/static/chunks/0x15z029u118o.js:0
[ 3131781ms] [WARNING] WebSocket connection to 'wss://puer.im/socket.io/?EIO=4&transport=websocket' failed: WebSocket is closed before the connection is established. @ https://puer.im/_next/static/chunks/0x15z029u118o.js:0
[ 3156784ms] [WARNING] WebSocket connection to 'wss://puer.im/socket.io/?EIO=4&transport=websocket' failed: WebSocket is closed before the connection is established. @ https://puer.im/_next/static/chunks/0x15z029u118o.js:0
[ 3181787ms] [WARNING] WebSocket connection to 'wss://puer.im/socket.io/?EIO=4&transport=websocket' failed: WebSocket is closed before the connection is established. @ https://puer.im/_next/static/chunks/0x15z029u118o.js:0
[ 3206791ms] [WARNING] WebSocket connection to 'wss://puer.im/socket.io/?EIO=4&transport=websocket' failed: WebSocket is closed before the connection is established. @ https://puer.im/_next/static/chunks/0x15z029u118o.js:0
[ 3231795ms] [WARNING] WebSocket connection to 'wss://puer.im/socket.io/?EIO=4&transport=websocket' failed: WebSocket is closed before the connection is established. @ https://puer.im/_next/static/chunks/0x15z029u118o.js:0
[ 3256801ms] [WARNING] WebSocket connection to 'wss://puer.im/socket.io/?EIO=4&transport=websocket' failed: WebSocket is closed before the connection is established. @ https://puer.im/_next/static/chunks/0x15z029u118o.js:0
[ 3281805ms] [WARNING] WebSocket connection to 'wss://puer.im/socket.io/?EIO=4&transport=websocket' failed: WebSocket is closed before the connection is established. @ https://puer.im/_next/static/chunks/0x15z029u118o.js:0
[ 3306811ms] [WARNING] WebSocket connection to 'wss://puer.im/socket.io/?EIO=4&transport=websocket' failed: WebSocket is closed before the connection is established. @ https://puer.im/_next/static/chunks/0x15z029u118o.js:0
[ 3331815ms] [WARNING] WebSocket connection to 'wss://puer.im/socket.io/?EIO=4&transport=websocket' failed: WebSocket is closed before the connection is established. @ https://puer.im/_next/static/chunks/0x15z029u118o.js:0
[ 3356822ms] [WARNING] WebSocket connection to 'wss://puer.im/socket.io/?EIO=4&transport=websocket' failed: WebSocket is closed before the connection is established. @ https://puer.im/_next/static/chunks/0x15z029u118o.js:0
[ 3636565ms] [WARNING] WebSocket connection to 'wss://puer.im/socket.io/?EIO=4&transport=websocket' failed: WebSocket is closed before the connection is established. @ https://puer.im/_next/static/chunks/0x15z029u118o.js:0
[ 3661572ms] [WARNING] WebSocket connection to 'wss://puer.im/socket.io/?EIO=4&transport=websocket' failed: WebSocket is closed before the connection is established. @ https://puer.im/_next/static/chunks/0x15z029u118o.js:0
[ 3686577ms] [WARNING] WebSocket connection to 'wss://puer.im/socket.io/?EIO=4&transport=websocket' failed: WebSocket is closed before the connection is established. @ https://puer.im/_next/static/chunks/0x15z029u118o.js:0
[ 3711582ms] [WARNING] WebSocket connection to 'wss://puer.im/socket.io/?EIO=4&transport=websocket' failed: WebSocket is closed before the connection is established. @ https://puer.im/_next/static/chunks/0x15z029u118o.js:0
[ 3736587ms] [WARNING] WebSocket connection to 'wss://puer.im/socket.io/?EIO=4&transport=websocket' failed: WebSocket is closed before the connection is established. @ https://puer.im/_next/static/chunks/0x15z029u118o.js:0
[ 3761592ms] [WARNING] WebSocket connection to 'wss://puer.im/socket.io/?EIO=4&transport=websocket' failed: WebSocket is closed before the connection is established. @ https://puer.im/_next/static/chunks/0x15z029u118o.js:0
[ 3786596ms] [WARNING] WebSocket connection to 'wss://puer.im/socket.io/?EIO=4&transport=websocket' failed: WebSocket is closed before the connection is established. @ https://puer.im/_next/static/chunks/0x15z029u118o.js:0
[ 3811600ms] [WARNING] WebSocket connection to 'wss://puer.im/socket.io/?EIO=4&transport=websocket' failed: WebSocket is closed before the connection is established. @ https://puer.im/_next/static/chunks/0x15z029u118o.js:0
[ 3836605ms] [WARNING] WebSocket connection to 'wss://puer.im/socket.io/?EIO=4&transport=websocket' failed: WebSocket is closed before the connection is established. @ https://puer.im/_next/static/chunks/0x15z029u118o.js:0
[ 3861610ms] [WARNING] WebSocket connection to 'wss://puer.im/socket.io/?EIO=4&transport=websocket' failed: WebSocket is closed before the connection is established. @ https://puer.im/_next/static/chunks/0x15z029u118o.js:0
[ 3886614ms] [WARNING] WebSocket connection to 'wss://puer.im/socket.io/?EIO=4&transport=websocket' failed: WebSocket is closed before the connection is established. @ https://puer.im/_next/static/chunks/0x15z029u118o.js:0
[ 3911620ms] [WARNING] WebSocket connection to 'wss://puer.im/socket.io/?EIO=4&transport=websocket' failed: WebSocket is closed before the connection is established. @ https://puer.im/_next/static/chunks/0x15z029u118o.js:0
[ 3936625ms] [WARNING] WebSocket connection to 'wss://puer.im/socket.io/?EIO=4&transport=websocket' failed: WebSocket is closed before the connection is established. @ https://puer.im/_next/static/chunks/0x15z029u118o.js:0
[ 3961629ms] [WARNING] WebSocket connection to 'wss://puer.im/socket.io/?EIO=4&transport=websocket' failed: WebSocket is closed before the connection is established. @ https://puer.im/_next/static/chunks/0x15z029u118o.js:0
[ 3986633ms] [WARNING] WebSocket connection to 'wss://puer.im/socket.io/?EIO=4&transport=websocket' failed: WebSocket is closed before the connection is established. @ https://puer.im/_next/static/chunks/0x15z029u118o.js:0
[ 4011638ms] [WARNING] WebSocket connection to 'wss://puer.im/socket.io/?EIO=4&transport=websocket' failed: WebSocket is closed before the connection is established. @ https://puer.im/_next/static/chunks/0x15z029u118o.js:0
[ 4036642ms] [WARNING] WebSocket connection to 'wss://puer.im/socket.io/?EIO=4&transport=websocket' failed: WebSocket is closed before the connection is established. @ https://puer.im/_next/static/chunks/0x15z029u118o.js:0
[ 4061647ms] [WARNING] WebSocket connection to 'wss://puer.im/socket.io/?EIO=4&transport=websocket' failed: WebSocket is closed before the connection is established. @ https://puer.im/_next/static/chunks/0x15z029u118o.js:0
[ 4086652ms] [WARNING] WebSocket connection to 'wss://puer.im/socket.io/?EIO=4&transport=websocket' failed: WebSocket is closed before the connection is established. @ https://puer.im/_next/static/chunks/0x15z029u118o.js:0
[ 4111657ms] [WARNING] WebSocket connection to 'wss://puer.im/socket.io/?EIO=4&transport=websocket' failed: WebSocket is closed before the connection is established. @ https://puer.im/_next/static/chunks/0x15z029u118o.js:0
[ 4136660ms] [WARNING] WebSocket connection to 'wss://puer.im/socket.io/?EIO=4&transport=websocket' failed: WebSocket is closed before the connection is established. @ https://puer.im/_next/static/chunks/0x15z029u118o.js:0
[ 4161666ms] [WARNING] WebSocket connection to 'wss://puer.im/socket.io/?EIO=4&transport=websocket' failed: WebSocket is closed before the connection is established. @ https://puer.im/_next/static/chunks/0x15z029u118o.js:0
[ 4186670ms] [WARNING] WebSocket connection to 'wss://puer.im/socket.io/?EIO=4&transport=websocket' failed: WebSocket is closed before the connection is established. @ https://puer.im/_next/static/chunks/0x15z029u118o.js:0
[ 4211675ms] [WARNING] WebSocket connection to 'wss://puer.im/socket.io/?EIO=4&transport=websocket' failed: WebSocket is closed before the connection is established. @ https://puer.im/_next/static/chunks/0x15z029u118o.js:0
[ 4236681ms] [WARNING] WebSocket connection to 'wss://puer.im/socket.io/?EIO=4&transport=websocket' failed: WebSocket is closed before the connection is established. @ https://puer.im/_next/static/chunks/0x15z029u118o.js:0
[ 4261683ms] [WARNING] WebSocket connection to 'wss://puer.im/socket.io/?EIO=4&transport=websocket' failed: WebSocket is closed before the connection is established. @ https://puer.im/_next/static/chunks/0x15z029u118o.js:0
[ 4286689ms] [WARNING] WebSocket connection to 'wss://puer.im/socket.io/?EIO=4&transport=websocket' failed: WebSocket is closed before the connection is established. @ https://puer.im/_next/static/chunks/0x15z029u118o.js:0
[ 4311694ms] [WARNING] WebSocket connection to 'wss://puer.im/socket.io/?EIO=4&transport=websocket' failed: WebSocket is closed before the connection is established. @ https://puer.im/_next/static/chunks/0x15z029u118o.js:0
[ 4336700ms] [WARNING] WebSocket connection to 'wss://puer.im/socket.io/?EIO=4&transport=websocket' failed: WebSocket is closed before the connection is established. @ https://puer.im/_next/static/chunks/0x15z029u118o.js:0
[ 4361705ms] [WARNING] WebSocket connection to 'wss://puer.im/socket.io/?EIO=4&transport=websocket' failed: WebSocket is closed before the connection is established. @ https://puer.im/_next/static/chunks/0x15z029u118o.js:0
[ 4386708ms] [WARNING] WebSocket connection to 'wss://puer.im/socket.io/?EIO=4&transport=websocket' failed: WebSocket is closed before the connection is established. @ https://puer.im/_next/static/chunks/0x15z029u118o.js:0
[ 4411712ms] [WARNING] WebSocket connection to 'wss://puer.im/socket.io/?EIO=4&transport=websocket' failed: WebSocket is closed before the connection is established. @ https://puer.im/_next/static/chunks/0x15z029u118o.js:0
[ 4436717ms] [WARNING] WebSocket connection to 'wss://puer.im/socket.io/?EIO=4&transport=websocket' failed: WebSocket is closed before the connection is established. @ https://puer.im/_next/static/chunks/0x15z029u118o.js:0
[ 4461722ms] [WARNING] WebSocket connection to 'wss://puer.im/socket.io/?EIO=4&transport=websocket' failed: WebSocket is closed before the connection is established. @ https://puer.im/_next/static/chunks/0x15z029u118o.js:0
[ 4486728ms] [WARNING] WebSocket connection to 'wss://puer.im/socket.io/?EIO=4&transport=websocket' failed: WebSocket is closed before the connection is established. @ https://puer.im/_next/static/chunks/0x15z029u118o.js:0
[ 4511733ms] [WARNING] WebSocket connection to 'wss://puer.im/socket.io/?EIO=4&transport=websocket' failed: WebSocket is closed before the connection is established. @ https://puer.im/_next/static/chunks/0x15z029u118o.js:0
[ 4536737ms] [WARNING] WebSocket connection to 'wss://puer.im/socket.io/?EIO=4&transport=websocket' failed: WebSocket is closed before the connection is established. @ https://puer.im/_next/static/chunks/0x15z029u118o.js:0
[ 4561742ms] [WARNING] WebSocket connection to 'wss://puer.im/socket.io/?EIO=4&transport=websocket' failed: WebSocket is closed before the connection is established. @ https://puer.im/_next/static/chunks/0x15z029u118o.js:0
[ 4586745ms] [WARNING] WebSocket connection to 'wss://puer.im/socket.io/?EIO=4&transport=websocket' failed: WebSocket is closed before the connection is established. @ https://puer.im/_next/static/chunks/0x15z029u118o.js:0
[ 4611750ms] [WARNING] WebSocket connection to 'wss://puer.im/socket.io/?EIO=4&transport=websocket' failed: WebSocket is closed before the connection is established. @ https://puer.im/_next/static/chunks/0x15z029u118o.js:0
[ 4636757ms] [WARNING] WebSocket connection to 'wss://puer.im/socket.io/?EIO=4&transport=websocket' failed: WebSocket is closed before the connection is established. @ https://puer.im/_next/static/chunks/0x15z029u118o.js:0
[ 4661763ms] [WARNING] WebSocket connection to 'wss://puer.im/socket.io/?EIO=4&transport=websocket' failed: WebSocket is closed before the connection is established. @ https://puer.im/_next/static/chunks/0x15z029u118o.js:0
[ 4686769ms] [WARNING] WebSocket connection to 'wss://puer.im/socket.io/?EIO=4&transport=websocket' failed: WebSocket is closed before the connection is established. @ https://puer.im/_next/static/chunks/0x15z029u118o.js:0
[ 4711774ms] [WARNING] WebSocket connection to 'wss://puer.im/socket.io/?EIO=4&transport=websocket' failed: WebSocket is closed before the connection is established. @ https://puer.im/_next/static/chunks/0x15z029u118o.js:0
[ 4736779ms] [WARNING] WebSocket connection to 'wss://puer.im/socket.io/?EIO=4&transport=websocket' failed: WebSocket is closed before the connection is established. @ https://puer.im/_next/static/chunks/0x15z029u118o.js:0
[ 4761783ms] [WARNING] WebSocket connection to 'wss://puer.im/socket.io/?EIO=4&transport=websocket' failed: WebSocket is closed before the connection is established. @ https://puer.im/_next/static/chunks/0x15z029u118o.js:0
[ 4786788ms] [WARNING] WebSocket connection to 'wss://puer.im/socket.io/?EIO=4&transport=websocket' failed: WebSocket is closed before the connection is established. @ https://puer.im/_next/static/chunks/0x15z029u118o.js:0
[ 4811792ms] [WARNING] WebSocket connection to 'wss://puer.im/socket.io/?EIO=4&transport=websocket' failed: WebSocket is closed before the connection is established. @ https://puer.im/_next/static/chunks/0x15z029u118o.js:0
[ 4836798ms] [WARNING] WebSocket connection to 'wss://puer.im/socket.io/?EIO=4&transport=websocket' failed: WebSocket is closed before the connection is established. @ https://puer.im/_next/static/chunks/0x15z029u118o.js:0
[ 4861803ms] [WARNING] WebSocket connection to 'wss://puer.im/socket.io/?EIO=4&transport=websocket' failed: WebSocket is closed before the connection is established. @ https://puer.im/_next/static/chunks/0x15z029u118o.js:0
[ 4886807ms] [WARNING] WebSocket connection to 'wss://puer.im/socket.io/?EIO=4&transport=websocket' failed: WebSocket is closed before the connection is established. @ https://puer.im/_next/static/chunks/0x15z029u118o.js:0
[ 4911812ms] [WARNING] WebSocket connection to 'wss://puer.im/socket.io/?EIO=4&transport=websocket' failed: WebSocket is closed before the connection is established. @ https://puer.im/_next/static/chunks/0x15z029u118o.js:0
[ 4936817ms] [WARNING] WebSocket connection to 'wss://puer.im/socket.io/?EIO=4&transport=websocket' failed: WebSocket is closed before the connection is established. @ https://puer.im/_next/static/chunks/0x15z029u118o.js:0
[ 4961822ms] [WARNING] WebSocket connection to 'wss://puer.im/socket.io/?EIO=4&transport=websocket' failed: WebSocket is closed before the connection is established. @ https://puer.im/_next/static/chunks/0x15z029u118o.js:0
[ 4986827ms] [WARNING] WebSocket connection to 'wss://puer.im/socket.io/?EIO=4&transport=websocket' failed: WebSocket is closed before the connection is established. @ https://puer.im/_next/static/chunks/0x15z029u118o.js:0
[ 5011832ms] [WARNING] WebSocket connection to 'wss://puer.im/socket.io/?EIO=4&transport=websocket' failed: WebSocket is closed before the connection is established. @ https://puer.im/_next/static/chunks/0x15z029u118o.js:0
[ 5036837ms] [WARNING] WebSocket connection to 'wss://puer.im/socket.io/?EIO=4&transport=websocket' failed: WebSocket is closed before the connection is established. @ https://puer.im/_next/static/chunks/0x15z029u118o.js:0
[ 5061844ms] [WARNING] WebSocket connection to 'wss://puer.im/socket.io/?EIO=4&transport=websocket' failed: WebSocket is closed before the connection is established. @ https://puer.im/_next/static/chunks/0x15z029u118o.js:0
[ 5086852ms] [WARNING] WebSocket connection to 'wss://puer.im/socket.io/?EIO=4&transport=websocket' failed: WebSocket is closed before the connection is established. @ https://puer.im/_next/static/chunks/0x15z029u118o.js:0
[ 5111860ms] [WARNING] WebSocket connection to 'wss://puer.im/socket.io/?EIO=4&transport=websocket' failed: WebSocket is closed before the connection is established. @ https://puer.im/_next/static/chunks/0x15z029u118o.js:0
[ 5136867ms] [WARNING] WebSocket connection to 'wss://puer.im/socket.io/?EIO=4&transport=websocket' failed: WebSocket is closed before the connection is established. @ https://puer.im/_next/static/chunks/0x15z029u118o.js:0
[ 5161875ms] [WARNING] WebSocket connection to 'wss://puer.im/socket.io/?EIO=4&transport=websocket' failed: WebSocket is closed before the connection is established. @ https://puer.im/_next/static/chunks/0x15z029u118o.js:0
[ 5206292ms] [WARNING] WebSocket connection to 'wss://puer.im/socket.io/?EIO=4&transport=websocket' failed: WebSocket is closed before the connection is established. @ https://puer.im/_next/static/chunks/0x15z029u118o.js:0
[ 5231297ms] [WARNING] WebSocket connection to 'wss://puer.im/socket.io/?EIO=4&transport=websocket' failed: WebSocket is closed before the connection is established. @ https://puer.im/_next/static/chunks/0x15z029u118o.js:0
[ 5256302ms] [WARNING] WebSocket connection to 'wss://puer.im/socket.io/?EIO=4&transport=websocket' failed: WebSocket is closed before the connection is established. @ https://puer.im/_next/static/chunks/0x15z029u118o.js:0
[ 5281306ms] [WARNING] WebSocket connection to 'wss://puer.im/socket.io/?EIO=4&transport=websocket' failed: WebSocket is closed before the connection is established. @ https://puer.im/_next/static/chunks/0x15z029u118o.js:0
[ 5306312ms] [WARNING] WebSocket connection to 'wss://puer.im/socket.io/?EIO=4&transport=websocket' failed: WebSocket is closed before the connection is established. @ https://puer.im/_next/static/chunks/0x15z029u118o.js:0
[ 5331316ms] [WARNING] WebSocket connection to 'wss://puer.im/socket.io/?EIO=4&transport=websocket' failed: WebSocket is closed before the connection is established. @ https://puer.im/_next/static/chunks/0x15z029u118o.js:0
[ 5356319ms] [WARNING] WebSocket connection to 'wss://puer.im/socket.io/?EIO=4&transport=websocket' failed: WebSocket is closed before the connection is established. @ https://puer.im/_next/static/chunks/0x15z029u118o.js:0
[ 5381324ms] [WARNING] WebSocket connection to 'wss://puer.im/socket.io/?EIO=4&transport=websocket' failed: WebSocket is closed before the connection is established. @ https://puer.im/_next/static/chunks/0x15z029u118o.js:0
[ 5406328ms] [WARNING] WebSocket connection to 'wss://puer.im/socket.io/?EIO=4&transport=websocket' failed: WebSocket is closed before the connection is established. @ https://puer.im/_next/static/chunks/0x15z029u118o.js:0
[ 5431334ms] [WARNING] WebSocket connection to 'wss://puer.im/socket.io/?EIO=4&transport=websocket' failed: WebSocket is closed before the connection is established. @ https://puer.im/_next/static/chunks/0x15z029u118o.js:0
[ 5456339ms] [WARNING] WebSocket connection to 'wss://puer.im/socket.io/?EIO=4&transport=websocket' failed: WebSocket is closed before the connection is established. @ https://puer.im/_next/static/chunks/0x15z029u118o.js:0
[ 5481344ms] [WARNING] WebSocket connection to 'wss://puer.im/socket.io/?EIO=4&transport=websocket' failed: WebSocket is closed before the connection is established. @ https://puer.im/_next/static/chunks/0x15z029u118o.js:0
[ 5506348ms] [WARNING] WebSocket connection to 'wss://puer.im/socket.io/?EIO=4&transport=websocket' failed: WebSocket is closed before the connection is established. @ https://puer.im/_next/static/chunks/0x15z029u118o.js:0
[ 5531353ms] [WARNING] WebSocket connection to 'wss://puer.im/socket.io/?EIO=4&transport=websocket' failed: WebSocket is closed before the connection is established. @ https://puer.im/_next/static/chunks/0x15z029u118o.js:0
[ 5556359ms] [WARNING] WebSocket connection to 'wss://puer.im/socket.io/?EIO=4&transport=websocket' failed: WebSocket is closed before the connection is established. @ https://puer.im/_next/static/chunks/0x15z029u118o.js:0
[ 5581365ms] [WARNING] WebSocket connection to 'wss://puer.im/socket.io/?EIO=4&transport=websocket' failed: WebSocket is closed before the connection is established. @ https://puer.im/_next/static/chunks/0x15z029u118o.js:0
[ 5606371ms] [WARNING] WebSocket connection to 'wss://puer.im/socket.io/?EIO=4&transport=websocket' failed: WebSocket is closed before the connection is established. @ https://puer.im/_next/static/chunks/0x15z029u118o.js:0
[ 5631378ms] [WARNING] WebSocket connection to 'wss://puer.im/socket.io/?EIO=4&transport=websocket' failed: WebSocket is closed before the connection is established. @ https://puer.im/_next/static/chunks/0x15z029u118o.js:0
[ 5646385ms] [ERROR] WebSocket connection to 'wss://puer.im/socket.io/?EIO=4&transport=websocket' failed: Error during WebSocket handshake: net::ERR_NETWORK_IO_SUSPENDED @ https://puer.im/_next/static/chunks/0x15z029u118o.js:0
[ 5934635ms] [WARNING] WebSocket connection to 'wss://puer.im/socket.io/?EIO=4&transport=websocket' failed: WebSocket is closed before the connection is established. @ https://puer.im/_next/static/chunks/0x15z029u118o.js:0
[ 6606627ms] [WARNING] WebSocket connection to 'wss://puer.im/socket.io/?EIO=4&transport=websocket' failed: WebSocket is closed before the connection is established. @ https://puer.im/_next/static/chunks/0x15z029u118o.js:0
[ 6631632ms] [WARNING] WebSocket connection to 'wss://puer.im/socket.io/?EIO=4&transport=websocket' failed: WebSocket is closed before the connection is established. @ https://puer.im/_next/static/chunks/0x15z029u118o.js:0
[ 6656637ms] [WARNING] WebSocket connection to 'wss://puer.im/socket.io/?EIO=4&transport=websocket' failed: WebSocket is closed before the connection is established. @ https://puer.im/_next/static/chunks/0x15z029u118o.js:0
[ 6681642ms] [WARNING] WebSocket connection to 'wss://puer.im/socket.io/?EIO=4&transport=websocket' failed: WebSocket is closed before the connection is established. @ https://puer.im/_next/static/chunks/0x15z029u118o.js:0
[ 6706647ms] [WARNING] WebSocket connection to 'wss://puer.im/socket.io/?EIO=4&transport=websocket' failed: WebSocket is closed before the connection is established. @ https://puer.im/_next/static/chunks/0x15z029u118o.js:0
[ 6731653ms] [WARNING] WebSocket connection to 'wss://puer.im/socket.io/?EIO=4&transport=websocket' failed: WebSocket is closed before the connection is established. @ https://puer.im/_next/static/chunks/0x15z029u118o.js:0
[ 6756658ms] [WARNING] WebSocket connection to 'wss://puer.im/socket.io/?EIO=4&transport=websocket' failed: WebSocket is closed before the connection is established. @ https://puer.im/_next/static/chunks/0x15z029u118o.js:0
[ 6781663ms] [WARNING] WebSocket connection to 'wss://puer.im/socket.io/?EIO=4&transport=websocket' failed: WebSocket is closed before the connection is established. @ https://puer.im/_next/static/chunks/0x15z029u118o.js:0
[ 6806668ms] [WARNING] WebSocket connection to 'wss://puer.im/socket.io/?EIO=4&transport=websocket' failed: WebSocket is closed before the connection is established. @ https://puer.im/_next/static/chunks/0x15z029u118o.js:0
[ 6831672ms] [WARNING] WebSocket connection to 'wss://puer.im/socket.io/?EIO=4&transport=websocket' failed: WebSocket is closed before the connection is established. @ https://puer.im/_next/static/chunks/0x15z029u118o.js:0
[ 6856678ms] [WARNING] WebSocket connection to 'wss://puer.im/socket.io/?EIO=4&transport=websocket' failed: WebSocket is closed before the connection is established. @ https://puer.im/_next/static/chunks/0x15z029u118o.js:0
[ 6881682ms] [WARNING] WebSocket connection to 'wss://puer.im/socket.io/?EIO=4&transport=websocket' failed: WebSocket is closed before the connection is established. @ https://puer.im/_next/static/chunks/0x15z029u118o.js:0
[ 6903652ms] [ERROR] WebSocket connection to 'wss://puer.im/socket.io/?EIO=4&transport=websocket' failed: Error during WebSocket handshake: net::ERR_NETWORK_IO_SUSPENDED @ https://puer.im/_next/static/chunks/0x15z029u118o.js:0
[ 7144921ms] [WARNING] WebSocket connection to 'wss://puer.im/socket.io/?EIO=4&transport=websocket' failed: WebSocket is closed before the connection is established. @ https://puer.im/_next/static/chunks/0x15z029u118o.js:0
[ 7169927ms] [WARNING] WebSocket connection to 'wss://puer.im/socket.io/?EIO=4&transport=websocket' failed: WebSocket is closed before the connection is established. @ https://puer.im/_next/static/chunks/0x15z029u118o.js:0
[ 7194932ms] [WARNING] WebSocket connection to 'wss://puer.im/socket.io/?EIO=4&transport=websocket' failed: WebSocket is closed before the connection is established. @ https://puer.im/_next/static/chunks/0x15z029u118o.js:0
[ 7219937ms] [WARNING] WebSocket connection to 'wss://puer.im/socket.io/?EIO=4&transport=websocket' failed: WebSocket is closed before the connection is established. @ https://puer.im/_next/static/chunks/0x15z029u118o.js:0
[ 7244943ms] [WARNING] WebSocket connection to 'wss://puer.im/socket.io/?EIO=4&transport=websocket' failed: WebSocket is closed before the connection is established. @ https://puer.im/_next/static/chunks/0x15z029u118o.js:0
[ 7269948ms] [WARNING] WebSocket connection to 'wss://puer.im/socket.io/?EIO=4&transport=websocket' failed: WebSocket is closed before the connection is established. @ https://puer.im/_next/static/chunks/0x15z029u118o.js:0
[ 7294951ms] [WARNING] WebSocket connection to 'wss://puer.im/socket.io/?EIO=4&transport=websocket' failed: WebSocket is closed before the connection is established. @ https://puer.im/_next/static/chunks/0x15z029u118o.js:0
[ 7319957ms] [WARNING] WebSocket connection to 'wss://puer.im/socket.io/?EIO=4&transport=websocket' failed: WebSocket is closed before the connection is established. @ https://puer.im/_next/static/chunks/0x15z029u118o.js:0
[ 7344963ms] [WARNING] WebSocket connection to 'wss://puer.im/socket.io/?EIO=4&transport=websocket' failed: WebSocket is closed before the connection is established. @ https://puer.im/_next/static/chunks/0x15z029u118o.js:0
[ 7369967ms] [WARNING] WebSocket connection to 'wss://puer.im/socket.io/?EIO=4&transport=websocket' failed: WebSocket is closed before the connection is established. @ https://puer.im/_next/static/chunks/0x15z029u118o.js:0
[ 7394972ms] [WARNING] WebSocket connection to 'wss://puer.im/socket.io/?EIO=4&transport=websocket' failed: WebSocket is closed before the connection is established. @ https://puer.im/_next/static/chunks/0x15z029u118o.js:0
[ 7419977ms] [WARNING] WebSocket connection to 'wss://puer.im/socket.io/?EIO=4&transport=websocket' failed: WebSocket is closed before the connection is established. @ https://puer.im/_next/static/chunks/0x15z029u118o.js:0
[ 7444982ms] [WARNING] WebSocket connection to 'wss://puer.im/socket.io/?EIO=4&transport=websocket' failed: WebSocket is closed before the connection is established. @ https://puer.im/_next/static/chunks/0x15z029u118o.js:0
[ 7469987ms] [WARNING] WebSocket connection to 'wss://puer.im/socket.io/?EIO=4&transport=websocket' failed: WebSocket is closed before the connection is established. @ https://puer.im/_next/static/chunks/0x15z029u118o.js:0
[ 7494990ms] [WARNING] WebSocket connection to 'wss://puer.im/socket.io/?EIO=4&transport=websocket' failed: WebSocket is closed before the connection is established. @ https://puer.im/_next/static/chunks/0x15z029u118o.js:0
[ 7519995ms] [WARNING] WebSocket connection to 'wss://puer.im/socket.io/?EIO=4&transport=websocket' failed: WebSocket is closed before the connection is established. @ https://puer.im/_next/static/chunks/0x15z029u118o.js:0
[ 7545000ms] [WARNING] WebSocket connection to 'wss://puer.im/socket.io/?EIO=4&transport=websocket' failed: WebSocket is closed before the connection is established. @ https://puer.im/_next/static/chunks/0x15z029u118o.js:0
[ 7570005ms] [WARNING] WebSocket connection to 'wss://puer.im/socket.io/?EIO=4&transport=websocket' failed: WebSocket is closed before the connection is established. @ https://puer.im/_next/static/chunks/0x15z029u118o.js:0
[ 7595009ms] [WARNING] WebSocket connection to 'wss://puer.im/socket.io/?EIO=4&transport=websocket' failed: WebSocket is closed before the connection is established. @ https://puer.im/_next/static/chunks/0x15z029u118o.js:0
[ 7620014ms] [WARNING] WebSocket connection to 'wss://puer.im/socket.io/?EIO=4&transport=websocket' failed: WebSocket is closed before the connection is established. @ https://puer.im/_next/static/chunks/0x15z029u118o.js:0
[ 7645019ms] [WARNING] WebSocket connection to 'wss://puer.im/socket.io/?EIO=4&transport=websocket' failed: WebSocket is closed before the connection is established. @ https://puer.im/_next/static/chunks/0x15z029u118o.js:0
[ 7670022ms] [WARNING] WebSocket connection to 'wss://puer.im/socket.io/?EIO=4&transport=websocket' failed: WebSocket is closed before the connection is established. @ https://puer.im/_next/static/chunks/0x15z029u118o.js:0
[ 7695026ms] [WARNING] WebSocket connection to 'wss://puer.im/socket.io/?EIO=4&transport=websocket' failed: WebSocket is closed before the connection is established. @ https://puer.im/_next/static/chunks/0x15z029u118o.js:0
[ 7720032ms] [WARNING] WebSocket connection to 'wss://puer.im/socket.io/?EIO=4&transport=websocket' failed: WebSocket is closed before the connection is established. @ https://puer.im/_next/static/chunks/0x15z029u118o.js:0
[ 7745037ms] [WARNING] WebSocket connection to 'wss://puer.im/socket.io/?EIO=4&transport=websocket' failed: WebSocket is closed before the connection is established. @ https://puer.im/_next/static/chunks/0x15z029u118o.js:0
[ 7770044ms] [WARNING] WebSocket connection to 'wss://puer.im/socket.io/?EIO=4&transport=websocket' failed: WebSocket is closed before the connection is established. @ https://puer.im/_next/static/chunks/0x15z029u118o.js:0
[ 7795049ms] [WARNING] WebSocket connection to 'wss://puer.im/socket.io/?EIO=4&transport=websocket' failed: WebSocket is closed before the connection is established. @ https://puer.im/_next/static/chunks/0x15z029u118o.js:0
[ 7820054ms] [WARNING] WebSocket connection to 'wss://puer.im/socket.io/?EIO=4&transport=websocket' failed: WebSocket is closed before the connection is established. @ https://puer.im/_next/static/chunks/0x15z029u118o.js:0
[ 7845058ms] [WARNING] WebSocket connection to 'wss://puer.im/socket.io/?EIO=4&transport=websocket' failed: WebSocket is closed before the connection is established. @ https://puer.im/_next/static/chunks/0x15z029u118o.js:0
[ 7870064ms] [WARNING] WebSocket connection to 'wss://puer.im/socket.io/?EIO=4&transport=websocket' failed: WebSocket is closed before the connection is established. @ https://puer.im/_next/static/chunks/0x15z029u118o.js:0
[ 7895070ms] [WARNING] WebSocket connection to 'wss://puer.im/socket.io/?EIO=4&transport=websocket' failed: WebSocket is closed before the connection is established. @ https://puer.im/_next/static/chunks/0x15z029u118o.js:0
[ 7920074ms] [WARNING] WebSocket connection to 'wss://puer.im/socket.io/?EIO=4&transport=websocket' failed: WebSocket is closed before the connection is established. @ https://puer.im/_next/static/chunks/0x15z029u118o.js:0
[ 7945078ms] [WARNING] WebSocket connection to 'wss://puer.im/socket.io/?EIO=4&transport=websocket' failed: WebSocket is closed before the connection is established. @ https://puer.im/_next/static/chunks/0x15z029u118o.js:0
[ 7970083ms] [WARNING] WebSocket connection to 'wss://puer.im/socket.io/?EIO=4&transport=websocket' failed: WebSocket is closed before the connection is established. @ https://puer.im/_next/static/chunks/0x15z029u118o.js:0
[ 7995087ms] [WARNING] WebSocket connection to 'wss://puer.im/socket.io/?EIO=4&transport=websocket' failed: WebSocket is closed before the connection is established. @ https://puer.im/_next/static/chunks/0x15z029u118o.js:0
[ 8020093ms] [WARNING] WebSocket connection to 'wss://puer.im/socket.io/?EIO=4&transport=websocket' failed: WebSocket is closed before the connection is established. @ https://puer.im/_next/static/chunks/0x15z029u118o.js:0
[ 8045099ms] [WARNING] WebSocket connection to 'wss://puer.im/socket.io/?EIO=4&transport=websocket' failed: WebSocket is closed before the connection is established. @ https://puer.im/_next/static/chunks/0x15z029u118o.js:0
[ 8070104ms] [WARNING] WebSocket connection to 'wss://puer.im/socket.io/?EIO=4&transport=websocket' failed: WebSocket is closed before the connection is established. @ https://puer.im/_next/static/chunks/0x15z029u118o.js:0
[ 8095110ms] [WARNING] WebSocket connection to 'wss://puer.im/socket.io/?EIO=4&transport=websocket' failed: WebSocket is closed before the connection is established. @ https://puer.im/_next/static/chunks/0x15z029u118o.js:0
[ 8120113ms] [WARNING] WebSocket connection to 'wss://puer.im/socket.io/?EIO=4&transport=websocket' failed: WebSocket is closed before the connection is established. @ https://puer.im/_next/static/chunks/0x15z029u118o.js:0
[ 8145116ms] [WARNING] WebSocket connection to 'wss://puer.im/socket.io/?EIO=4&transport=websocket' failed: WebSocket is closed before the connection is established. @ https://puer.im/_next/static/chunks/0x15z029u118o.js:0
[ 8170121ms] [WARNING] WebSocket connection to 'wss://puer.im/socket.io/?EIO=4&transport=websocket' failed: WebSocket is closed before the connection is established. @ https://puer.im/_next/static/chunks/0x15z029u118o.js:0
[ 8195126ms] [WARNING] WebSocket connection to 'wss://puer.im/socket.io/?EIO=4&transport=websocket' failed: WebSocket is closed before the connection is established. @ https://puer.im/_next/static/chunks/0x15z029u118o.js:0
