pool 16344, b1 306, b2 done 8, this batch 200, workers 4
[4/200] 4bb437087b37.jpg: 汤色 | 深橙色透亮。
[5/200] 6fbcfbe83149.jpg: 汤色 | 品茗杯中盛有红浓茶汤，表面可见明显黑色絮状悬浮物。
[2/200] 08be308f7383.jpg: 汤色 | 白瓷品茗杯中茶汤呈红浓明亮色泽。
[6/200] f6794399c82d.jpg: 饼背 | 白色棉纸背面印有红色产品参数及条形码，清晰可见2009年6月2日生产日期，纸面有褶皱及褐色茶渍。
[7/200] 5e8e2029ffc6.jpg: 其他 | 四个红色方形铁盒底部贴有白色标签，注明品名为润道普洱紧压茶（熟茶），净含量30g，生产日期涵盖2019
[3/200] 2f634a755e72.jpg: 汤色 | 品茗杯中盛有深橙红色茶汤，杯底可见黑色茶末沉淀，汤面明亮。
[8/200] d00cdf8441f4.jpg: 汤色 | 橙黄明亮茶汤，盛于青花品茗杯中，杯底可见少量茶渣沉淀，液面边缘有气泡。
[9/200] 046ea35a46ce.jpg: 汤色 | 玻璃公道杯中茶汤呈橙红色，清澈透亮。
[10/200] 1d7aaca2a3fa.jpg: 汤色 | 玻璃公道杯中盛有橙黄透亮的茶汤。
[1/200] 41c3f760b89c.jpg: 汤色 | 玻璃公道杯中茶汤呈橙红色，清澈透亮。
[12/200] 76e27045efa0.jpg: 版面 | 白色包装纸印有红色书法大字及红黄绿配色的山水图案，标注有“弯公社”、“80”周年标识及“普洱茶（生茶）
[15/200] cf9a91bceba4.jpg: 版面 | 棉纸包装，上方环绕红色“易武正山古茶饼”字样，中央印有古人图案及红色方形印章，下方为黑色“鸿庆号”及底
[14/200] 64fec50b3fea.jpg: 饼面 | 条索紧结呈黑褐色，夹杂少量黄白芽头，中心凹陷。
[11/200] 275ac64b5ec8.jpg: 汤色 | 青瓷品茗杯中茶汤呈红浓明亮，杯底可见黑色沉淀物。
[16/200] 4b1c19a49482.jpg: 汤色 | 白瓷品茗杯中盛有红浓明亮的茶汤。
[13/200] d75bbbd6b7d3.jpg: 汤色 | 品茗杯中盛有红浓明亮的茶汤，杯底可见黑色茶屑沉淀。
[17/200] 333c18b5adc8.jpg: 饼背 | 七片茶饼背面朝上，米黄色棉纸呈放射状折叠包裹，边缘透出黑褐色紧结茶体，部分中心可见红色圆圈印记。
[20/200] 2e5f36a1a796.jpg: 汤色 | 玻璃公道杯中盛有橙红色的茶汤，清澈透亮。
[21/200] e8ac35c90732.jpg: 叶底 | 紫砂壶内深褐色叶底已充分舒展，色泽油润。
[18/200] 369a3b03630d.jpg: 饼面 | 茶饼条索紧结，色泽黑褐油润，侧边压制紧实。
[22/200] f0e7916df5dc.jpg: 叶底 | 叶底呈墨绿及黄绿色，叶片舒展肥厚，可见褐色茶梗。
[19/200] d540a1b853e8.jpg: 汤色 | 玻璃公道杯中茶汤呈红浓明亮色，边缘泛红棕，透光可见。
[24/200] 0dd2a6641a7f.jpg: 汤色 | 玻璃锤纹杯中茶汤呈浅黄色，明亮。
[25/200] 9badd083c8f4.jpg: 饼面 | 条索紧结，色泽黑褐，间杂少量金毫。
[23/200] 73901df5f6c2.jpg: 汤色 | 玻璃公道杯中盛有橙红色茶汤，清澈透亮。
[28/200] 13c391260300.jpg: 汤色 | 玻璃公道杯中盛有深红色茶汤，透光透亮。
[26/200] b770dbc66677.jpg: 其他 | 五个白色自封袋平铺，袋身贴有牛皮纸标签，手写标注“10布朗古熟”、“05易武”等茶名。
[27/200] 34bc7097da4e.jpg: 饼面 | 饼面条索紧结，色泽黑褐间杂浅黄芽头，中央嵌有白底蓝字内飞。
[29/200] 31cb2117958a.jpg: 叶底 | 白瓷碗内叶底呈黑褐色，条索紧结，色泽油润。
[31/200] 388950753f8f.jpg: 饼面 | 黑褐色紧结条索间杂褐黄色泽，上方嵌有圆形白底褐字内飞。
[32/200] 0a483e1ed3ab.jpg: 汤色 | 品茗杯中茶汤呈橙黄色明亮，杯底可见少量茶末沉淀。
[34/200] 81348e70fb4e.jpg: 汤色 | 茶汤呈红褐色，明亮，杯底有少量沉淀。
[30/200] d93d599cd4cf.jpg: 饼面 | 茶饼侧立，条索紧结，色泽墨褐显银毫。
[35/200] 2d9262f51a34.jpg: 汤色 | 白瓷品茗杯中茶汤呈橙黄色，明亮，杯底边缘有细密气泡，汤中可见细微悬浮物。
[33/200] a6ebeae36019.jpg: 其他 | 白色包装盒背面标签清晰展示2013年大益铂金方砖生茶信息，旁置九块深褐色、条索紧结且显金毫的紧压小方砖
[38/200] 3bfa285d42e8.jpg: 汤色 | 汤色呈红褐色，白瓷品茗杯中汤面明亮，杯底可见黑色碎屑。
[37/200] 411dd6f9fbea.jpg: 版面 | 印有黄色“云南七子饼茶”及红色“茶”字logo的棉纸包装。
[36/200] b09393afcc7a.jpg: 汤色 | 玻璃公道杯中盛有红浓透亮的茶汤。
[41/200] c5f93d0a2d9d.jpg: 版面 | 白底棉纸印有棕色纹饰，中央红圈烫金“岩”字及“子头”字样，右侧印有“八十华章 1941-2021”纪念
[43/200] 48ca6bb4f2e3.jpg: 汤色 | 白瓷品茗杯中盛有橙黄明亮的茶汤，边缘聚有细密气泡，汤面可见少许微粒。
[39/200] 42fa5e87f546.jpg: 汤色 | 白瓷品茗杯中盛有橙黄色茶汤，汤面明亮，杯内可见细小黑色悬浮物。
[44/200] b33d3b8f7925.jpg: 汤色 | 玻璃公道杯中茶汤呈橙黄色，透亮，表面有细密泡沫。
[40/200] ff87361d7058.jpg: 其他 | 白色外包装盒印有红色大益商标及“熊猫沱茶”字样，绿色内盒装有五粒白色棉纸包裹的沱茶。
[45/200] f47ab1160b46.jpg: 版面 | 白色棉纸印有绿色“南腊河早春乔木大饼”环形字样及中央叶片图案，下方标注净含量400克及“云南观自在茶业
[48/200] 759052ccd854.jpg: 饼背 | 灰白色棉纸包裹，收口处褶皱明显，透过纸背可见多处黑色茶叶碎屑。
[46/200] 6bfce78606d4.jpg: 饼背 | 米黄色棉纸背面印有昌泰茶业集团信息、条形码、净含量400克及2006年生产日期，下方叠放一张恒丰源19
[47/200] cd1fc243f088.jpg: 汤色 | 玻璃公道杯中茶汤呈橙黄色，清澈透亮，可见少许悬浮茶屑。
[42/200] e5a1aad3c2f7.jpg: 汤色 | 汤色呈橙黄明亮。
[49/200] a06741ee6047.jpg: 饼面 | 黑褐色茶饼条索紧结，中央嵌有印红色字样的白色方形内飞，表面覆盖少许干茶。
[50/200] e093b9d7a45c.jpg: 饼面 | 条索紧结，色泽深褐显毫，中间嵌有印有蓝色图案的内飞。
[51/200] cee7e383ec0b.jpg: 饼面 | 饼面条索紧结，色泽深褐，中央嵌有印着“班章”及“长条九九号”字样的白色内飞。
[52/200] 242f3df1cd5c.jpg: 汤色 | 白瓷品茗杯中茶汤呈红浓明亮，边缘环绕细小气泡。
[55/200] 42e5e61cce24.jpg: 汤色 | 白瓷品茗杯中盛有红褐明亮的茶汤，液面可见少量气泡。
[54/200] 294e4e38d026.jpg: 其他 | 深褐色紧压茶块堆叠，条索紧结，色泽黑褐。
[56/200] 70dcf2c81cbe.jpg: 版面 | 白底棉纸印有红色“海福今七子饼茶”及“二0一一年正春茶”字样，中央为墨绿色“福今茶业”印章，下方标注“
[53/200] c093f8c33c46.jpg: 汤色 | 白瓷品茗杯中盛有红浓明亮的茶汤，右侧边缘附着细密气泡。
[59/200] b8720eab1bd7.jpg: 叶底 | 白瓷碗内盛放泡开后的叶底，叶片呈深褐绿色，形态舒展。
[57/200] e67371d0cf26.jpg: 汤色 | 玻璃公道杯中茶汤呈红浓透亮，色泽深红褐，清晰映出室内倒影。
[58/200] 1d6dc5a2f96a.jpg: 汤色 | 白瓷品茗杯中茶汤红浓明亮，色泽深红泛褐，杯沿附着细小气泡。
[61/200] 4a64caee26cd.jpg: 汤色 | 白瓷品茗杯中茶汤呈橙红色，明亮，汤中可见悬浮的黑色茶碎。
[62/200] 50588223b67e.jpg: 汤色 | 玻璃公道杯中的茶汤呈深橙红色，透光见底，红浓透亮。
[60/200] 767f21b5ee30.jpg: 汤色 | 白瓷品茗杯中茶汤呈红浓明亮色泽。
[65/200] 2bf5a079c1ec.jpg: 饼面 | 茶饼呈深黑褐色，条索紧结，间杂少量黄梗。
[67/200] 308f158b1545.jpg: 汤色 | 玻璃公道杯中盛有橙黄透亮的茶汤。
[63/200] 807a681bc67a.jpg: 叶底 | 两堆黑褐色叶底平铺于白纸，叶片舒展，色泽深暗油润。
[69/200] 7a82246d6987.jpg: 其他 | 电子秤显示6.8g，木质茶则中盛放着黑褐色条索紧结的干茶。
[68/200] f3dd8d191773.jpg: 饼面 | 黑褐色紧压茶表面，条索紧结，夹杂少量黄白色茶梗。
[71/200] 7e0fc58382e1.jpg: 汤色 | 玻璃公道杯中的茶汤呈深橙色，表面带有少许气泡，质感透亮。
[66/200] d61bba3a45d2.jpg: 汤色 | 玻璃公道杯中茶汤呈深橙色，清澈透亮。
[64/200] b836ead17d32.jpg: 叶底 | 黑褐色叶底置于白瓷碗中，色泽油润，条索紧结。
[73/200] 47adda6ce4d5.jpg: 版面 | 黑色棉纸版面印有银灰色抽象虎纹图案，下方烫金“山青花燃”与“磅礴”字样及“2019普洱生茶”信息，左上
[70/200] d36a5b15199b.jpg: 汤色 | 玻璃公道杯中盛有深红明亮的茶汤，杯壁上部附着细密水珠。
[72/200] 1d77fd6a7634.jpg: 饼面 | 茶饼呈黑褐色，条索紧结，中央嵌有红边圆形内飞。
[75/200] 211913af8273.jpg: 饼面 | 黑褐色条索紧结的茶饼，饼面嵌有印着金色图案及“金色韵象”字样的白色内飞。
[74/200] 1fa13e82a10d.jpg: 版面 | 米白色棉纸印有棕色孔雀图案及“益”字标识与“贡茶”字样，外圈环绕繁体厂名及英文，纸面可见多处褐色茶渍及
[76/200] 7127d3b0133d.jpg: 其他 | 条索紧结，色泽黑褐墨绿相间，置于深色木质茶则中。
[80/200] 2c80c7ecd183.jpg: 其他 | 白色花盆中种植着叶片深绿肥厚的芦荟，盆土呈深褐色。
[77/200] f223284472ab.jpg: 饼面 | 饼面条索紧结，色泽黑褐，表面嵌有一张印有“云南七子饼茶”及英文说明的破损纸张。
[79/200] 242baae8e4ea.jpg: 其他 | 八颗黑褐色团茶条索紧结，表面嵌有残破的红色标签纸。
[82/200] f5ebe4076e83.jpg: 汤色 | 玻璃公道杯中盛有橙黄透亮的茶汤，底部承以青瓷杯托。
[78/200] 25f03756828b.jpg: 汤色 | 青花品茗杯中茶汤呈红褐明亮，杯底可见环状黑色沉淀。
[83/200] 23c4cfa37588.jpg: 汤色 | 汤色红浓明亮，盛于白瓷品茗杯中。
[86/200] 1742022f630a.jpg: 其他 | 黑白老照片展示数人围在长方形木槽旁翻动深色茶叶进行解块发酵，背景为木质货架，图注“解块发酵”。
[84/200] 6dcfcd5c1442.jpg: 汤色 | 白瓷品茗杯中茶汤呈橙红色，明亮，可见悬浮茶渣。
[81/200] 6f54d0eba8f8.jpg: 汤色 | 玻璃公道杯中茶汤呈橙红色，透亮。
[89/200] 293dfdfe302e.jpg: 汤色 | 白瓷品茗杯中盛有深橙红色茶汤，杯底及汤面可见明显的细小悬浮碎渣。
[87/200] 07107f68d6d3.jpg: 叶底 | 白瓷盘中盛放着黑褐色叶底，叶片舒展，色泽深褐并夹杂黄梗。
[90/200] 432ac9c1cd26.jpg: 其他 | 银色铝箔袋正面印有红色“香日子”品牌名及红色茶壶图案，中央竖排黑色“老枞水仙”书法字，右下角红底白字标
[88/200] 3833c205ee3d.jpg: 汤色 | 玻璃公道杯中茶汤呈橙红色，清澈透亮。
[91/200] 4c0c5c87ca70.jpg: 汤色 | 白瓷品茗杯中茶汤呈橙红色，明亮，杯底可见少许茶渣。
[94/200] 99640f23baab.jpg: 版面 | 白底棉纸印有黄色“益”字商标及“云南七子饼茶”字样，纸面泛黄并可见虫眼与边缘破损。
[92/200] a6f1141a5740.jpg: 汤色 | 玻璃公道杯中盛有橙红透亮的茶汤。
[93/200] d282725fa37a.jpg: 汤色 | 玻璃公道杯中茶汤呈橙红色，透亮。
[95/200] a87b102b37fd.jpg: 汤色 | 白瓷品茗杯中茶汤呈深橙色明亮，杯底可见少许茶渣及气泡。
[97/200] cb22c021a196.jpg: 汤色 | 白瓷品茗杯中盛有红浓明亮的茶汤。
[85/200] 5d4dabc6bba8.jpg: 汤色 | 玻璃公道杯中茶汤呈红浓明亮色。
[99/200] de7490d50532.jpg: 汤色 | 白瓷品茗杯中茶汤红浓明亮，边缘呈红褐色，杯内可见一根茶叶。
[100/200] 91b5105b05f3.jpg: 版面 | 白底棉纸包装，中央印有褐金色“高山行心”书法大字，右侧竖排“宝和祥七子饼茶壬寅”，左侧饰有水墨纹理及“
[102/200] 55321b5135bf.jpg: 汤色 | 白瓷品茗杯中盛有深橙色茶汤，汤内可见细碎悬浮物，略显混浊。
[98/200] 3466752849dc.jpg: 汤色 | 品茗杯中茶汤呈橙黄色明亮，浸泡着深褐色叶底。
[101/200] 6269d6a162f0.jpg: 饼背 | 白色棉纸背面印有黑色“班章珍藏”产品参数、2021年5月20日生产日期及条形码，右下角贴有广隆茶业防伪
[104/200] 003466467dcf.jpg: 汤色 | 白瓷品茗杯中茶汤呈浅黄明亮，杯底可见少量茶叶碎屑。
[105/200] e98eb967071e.jpg: 汤色 | 茶汤从玻璃公道杯倒入青花瓷品茗杯，汤色橙黄明亮，公道杯内茶汤透亮。
[106/200] 17913218fd5c.jpg: 汤色 | 玻璃公道杯中茶汤呈红浓明亮色，清澈透亮。
[96/200] 2d4d1c1a26dd.jpg: 汤色 | 品茗杯中茶汤呈深橙色，明亮，杯底可见黑色茶渣碎末。
[107/200] 7b21bc8c1a19.jpg: 汤色 | 白瓷品茗杯中茶汤呈红浓色，边缘泛橙红，汤面漂浮有黑色碎末。
[108/200] f90ab19191dc.jpg: 汤色 | 玻璃公道杯中茶汤呈深橙色，杯底可见明显沉淀，略显浑浊。
[109/200] 523fabcc0f45.jpg: 汤色 | 白瓷品茗杯中茶汤呈红浓明亮。
[113/200] 638f32e6f0ed.jpg: 其他 | 仰拍视角下灰白色天空背景中的褐色高层住宅楼与左侧逆光的紫色花枝。
[110/200] 64e8a63f6874.jpg: 汤色 | 白瓷品茗杯中茶汤呈橙黄明亮，液面边缘聚有一圈细密气泡。
[112/200] a13defb90476.jpg: 汤色 | 白瓷品茗杯中茶汤呈橙黄色，明亮，汤面漂浮少量黑色茶碎。
[103/200] f6280c921489.jpg: 叶底 | 叶底呈深褐绿色，叶片已舒展，色泽油润。
[114/200] 3226698ddf7d.jpg: 汤色 | 玻璃公道杯中茶汤呈橙红色，清澈透亮。
[118/200] 97ee7a3aeb11.jpg: 特写 | 紫砂壶内盛有黑褐色紧结干茶，置于青花瓷碟上。
[117/200] 1f14a388b8ba.jpg: 汤色 | 玻璃公道杯中茶汤呈橙黄色，清澈透亮。
[120/200] 68a8a7f57f3d.jpg: 叶底 | 白瓷碗中叶底呈深褐墨绿色，叶片泡开舒展，夹杂明显茶梗。
[116/200] 50c41c673d0c.jpg: 汤色 | 玻璃公道杯中茶汤呈橙红色，透亮，液面有细密泡沫。
[122/200] 08db7163880e.jpg: 汤色 | 玻璃公道杯中盛有深橙色的茶汤，清澈透亮。
[121/200] 6296b970d14b.jpg: 汤色 | 玻璃公道杯中茶汤呈橙黄色，清澈透亮。
[123/200] 8f357ae96e17.jpg: 汤色 | 汤色呈红褐色，盛于白瓷品茗杯中，汤内可见黑色碎屑悬浮，略显混浊。
[125/200] a8cded0967da.jpg: 其他 | 灰色默认人像剪影占位图，无普洱茶相关元素。
[124/200] 1a26c41b31a2.png: 饼面 | 饼面呈黑褐色，条索紧结，可见清晰的茶叶条索与少量茶梗。
[126/200] d96b17290ab4.jpg: 汤色 | 橙黄明亮的茶汤盛于汝窑品茗杯中，汤内可见少量黑色碎茶渣。
[127/200] 838fb7b0e5a7.jpg: 其他 | 红边白底印绿色标志的班章生态饼茶版面与深褐色紧结且嵌有内飞的茶块同框展示。
[115/200] 8901bb364aac.jpg: 大票或内票 | 米白色纸张印有红色“金九熟沱”及原料工艺介绍文字，纸面褶皱，左下角可见蓝色QS标志。
[130/200] 81fdd48d10e5.jpg: 汤色 | 青瓷杯中盛有红浓明亮的茶汤。
[129/200] 113f7b4ccbd1.jpg: 汤色 | 白瓷品茗杯中盛有橙黄色茶汤，明亮。
[132/200] 31df6541e308.jpg: 汤色 | 红浓明亮的茶汤盛于白瓷品茗杯中。
[128/200] b0697179f73f.jpg: 汤色 | 品茗杯中茶汤呈橙黄明亮，杯底可见黑色碎茶渣。
[119/200] 5a4769651261.jpg: 叶底 | 白瓷盖碗中深褐色茶叶条索紧结，汤色浅黄明亮，液面浮有细密泡沫。
[131/200] cbba69db5dbd.jpg: 汤色 | 玻璃公道杯中盛有红浓明亮的茶汤，旁置一把紫砂壶。
[136/200] d513fa600efb.jpg: 汤色 | 玻璃公道杯中茶汤呈深橙偏红色，清澈透亮。
[135/200] 245bc8d0e1c0.jpg: 版面 | 红字“云南七子饼茶”及中央“益”字商标，棉纸泛黄略有虫洞。
[138/200] 34e86e54e63b.jpg: 汤色 | 玻璃公道杯中茶汤呈橙红色，清澈透亮。
[133/200] 38f7d22d3172.jpg: 汤色 | 玻璃杯中茶汤呈深橙色，明亮，杯底可见沉淀物及细微悬浮物。
[139/200] 1613a597d64a.jpg: 其他 | 图片为布朗拼配品鉴的文字记录截图，详述干茶青墨色加紫金色、爆烟香及七道茶汤由金褐至深褐色的色泽与体感变
[141/200] 44b5be7f09c7.jpg: 汤色 | 盛于青花品茗杯中，茶汤呈红浓明亮色泽，可见少量悬浮微粒。
[140/200] 83c55a817cb2.jpg: 其他 | 七饼普洱茶垂直堆叠，外包棉纸陈旧泛灰，边缘有红色圈纹，表面附着黑色碎茶渣。
[142/200] c6ab5b22e310.jpg: 饼面 | 黑褐色茶饼条索紧结，间显金毫，饼窝居中。
[134/200] b4e576e7581f.jpg: 版面 | 白底包装纸印有棕色“益”字标及“金色韵象饼茶”字样，标注净含量400克与2005年8月制。
[143/200] ea13eb848271.jpg: 饼背 | 米白色棉纸包裹茶饼，背面印有黑色生产地址及蓝色QS标志，纸面有褶皱与少量茶油黄斑，可见2014年12月
[145/200] dce3561c1d7e.jpg: 饼面 | 饼面条索紧结，色泽黑褐，嵌有一张印有红色图案的米黄色内飞。
[144/200] 8b801ef582b2.jpg: 汤色 | 白瓷杯中茶汤呈橙黄色，明亮，杯底可见少量茶毫。
[146/200] c714e536baf9.jpg: 汤色 | 白瓷品茗杯中茶汤呈橙红明亮，杯底可见少许黑色茶渣。
[137/200] 0cd04c95fbf1.jpg: 汤色 | 红浓明亮的茶汤盛于品茗杯中。
[147/200] 33021b1e6ad4.jpg: 饼面 | 饼面条索紧结，色泽黑褐间杂金黄，上方嵌有红圈绿标的方形内飞。
[149/200] a11b45fb26e1.jpg: 其他 | 黑褐色紧压茶块，条索紧结，夹杂少量金黄色芽叶。
[148/200] 4d43adc85ee3.jpg: 汤色 | 玻璃公道杯中茶汤呈深橙色，清澈透亮。
[151/200] f16539472ce1.jpg: 汤色 | 白瓷品茗杯中茶汤呈橙黄色，明亮，杯底可见黑色茶碎。
[152/200] 1b58c19ae819.png: 饼面 | 外包棉纸大面积破损露出黑褐色茶体，可见红色五角星印章及竖排文字。
[153/200] e4eff3e0e605.jpg: 版面 | 印有紫色孔雀图案及“勐海孔雀饼茶”字样的泛黄版面，可见虫蛀破洞。
[150/200] 21f2aafa56fd.jpg: 汤色 | 白瓷品茗杯中茶汤呈橙红色，明亮。
[156/200] 037bb8090755.jpg: 汤色 | 青花品茗杯中茶汤呈红浓明亮状态。
[158/200] ca480ccc85e6.jpg: 汤色 | 白瓷品茗杯中盛有橙黄明亮的茶汤，汤面有气泡，杯底可见少量细微沉淀。
[155/200] b7e02a027cda.jpg: 汤色 | 白瓷品茗杯内橙红色茶汤明亮，表面有细密气泡，杯底可见少许黑色沉淀。
[157/200] 1fb8dac88a03.jpg: 汤色 | 白瓷品茗杯中茶汤呈橙红明亮，表面浮有气泡，杯底可见少量黑色茶渣。
[161/200] 6f1d513a9787.jpg: 版面 | 版面为棉纸包装，印有红框蓝花边饰，中央书写蓝色“云南青砖”及“百茶堂”字样，上方注明“云南普洱茶(生茶
[160/200] 3dccaf80b5a7.jpg: 其他 | 深褐色条索紧结的普洱干茶，后方可见印有大益牌及勐海茶厂字样的包装盒。
[159/200] 0500d0632e33.jpg: 汤色 | 玻璃公道杯中茶汤呈橙黄色，清澈透亮。
[163/200] 9546f949f974.jpg: 叶底 | 叶底呈深褐绿色，叶片舒展，可见明显茶梗，质感油润。
[164/200] 8ab62720d25a.jpg: 汤色 | 白瓷品茗杯中盛有橙红色茶汤，汤面明亮。
[165/200] fa8a8db09dab.jpg: 汤色 | 白瓷品茗杯中茶汤呈橙黄色，略显混浊，可见细小茶渣。
[162/200] af1d85d27002.jpg: 汤色 | 玻璃公道杯中盛有红浓明亮的茶汤，杯身印有大益茶红色标识。
[168/200] 2ee638a70237.jpg: 版面 | 白底棉纸印有红色“云南七子饼茶”及厂名，中央为绿色“春尖茶”大字与红色小字说明。
[166/200] 0b34a9302c8e.png: 版面 | 大益牌暗香普洱生茶版面，白底深蓝色纹饰边框，中央印有梅花图案及“疏影横斜水清浅”诗句，标注净含量400
[154/200] 1aa4ab5ea3b7.jpg: 汤色 | 玻璃公道杯中茶汤呈橙红色，透亮。
[170/200] a73460932bb8.jpg: 饼面 | 饼面呈黑褐色，条索紧结，可见明显茶梗。
[169/200] f0c23851068f.jpg: 汤色 | 白瓷品茗杯中茶汤呈红浓色，表面及中央有细密气泡，汤中可见悬浮碎屑。
[173/200] 9454da7a57ec.jpg: 汤色 | 玻璃公道杯中茶汤呈深橙色，透亮。
[172/200] 64132f0f5744.jpg: 饼面 | 黑褐色条索紧结，金毫显露，中间呈凹陷窝底状。
[175/200] 0f5e2e45bde0.jpg: 版面 | 蓝色六边形纸盒版面，印有红色“重庆沱茶”及黑色“Tuo Tea”字样，中央饰有布鲁塞尔世界金质奖章图案
[176/200] d964cf3b07dc.jpg: 其他 | 干茶条索紧结，色泽墨褐深灰，夹杂黄褐色条索。
[167/200] 5036d4bf45af.jpg: 汤色 | 青花品茗杯中盛有红浓明亮的茶汤，色泽深红泛褐。
[174/200] c1ed4a0a897c.jpg: 汤色 | 白瓷品茗杯中茶汤呈橙黄色，边缘有气泡，汤中可见深色碎渣悬浮。
[179/200] 0f3e3c805428.jpg: 其他 | 工厂车间内摆放着大型银色不锈钢罐体与蓝色电机设备，地面为绿色。
[178/200] db37cf3f9cdf.jpg: 汤色 | 白色品茗杯中盛有橙黄色茶汤，色泽明亮。
[171/200] 2c2db412d7f1.jpg: 饼面 | 深褐色条索紧结的沱茶，表面夹杂金黄芽头，右侧嵌有白色内飞，后方衬有印着孔雀图案及“班章乔木生态沱茶”字
[181/200] 6c3549a0dc59.jpg: 汤色 | 玻璃公道杯中盛有红浓明亮的茶汤，旁置一把紫砂壶。
[180/200] a6973d5a3965.jpg: 汤色 | 白瓷品茗杯中茶汤呈深红褐色，明亮。
[177/200] fd2a6555dade.jpg: 汤色 | 品茗杯中盛有橙黄色茶汤，汤色明亮，边缘有细密气泡且汤中可见悬浮碎屑。
[185/200] 51d1e2502705.jpg: 其他 | 牛皮纸色包装盒面，印有蓝色“金九”字样、黄色图案及“2013年勐海县今大福茶厂出品”黑色文字。
[183/200] 8193ab64a037.jpg: 饼面 | 深褐色条索紧结，表面嵌有绿字红圈内飞。
[182/200] 9ef158a8f159.jpg: 其他 | 黑褐色紧压茶块，条索紧结，呈不规则块状散落于木盘上。
[187/200] ca51841edd82.jpg: 汤色 | 青瓷品茗杯中茶汤呈橙黄色，明亮，杯底可见少许深色碎渣。
[188/200] 7339592892cf.jpg: 汤色 | 白瓷品茗杯中茶汤呈橙黄色，明亮，可见少量细微悬浮物。
[186/200] 5332b2a8f5c8.jpg: 版面 | 白色棉纸印有“一生茶语”及“戊戌·普洱生茶 357g”字样，中央为竖排黑色大字，下方饰有深色几何纹样大
[190/200] ce11baca5c12.jpg: 汤色 | 玻璃公道杯中茶汤呈红浓明亮色，液面有细密泡沫。
[184/200] 6a56a0049b25.jpg: 汤色 | 玻璃公道杯中盛有橙红色茶汤，清澈透亮。
[192/200] 90f2a949c399.jpg: 汤色 | 白瓷品茗杯中茶汤呈橙红明亮，汤中悬浮少量黑色碎末。
[189/200] 421ebfc82a88.jpg: 汤色 | 白瓷品茗杯中盛有橙黄色茶汤，汤色明亮，液面边缘可见少许气泡。
[193/200] 4408df8cca59.jpg: 饼面 | 深褐色饼面条索紧结，间杂金黄色芽头，左上方压有一张印有勐海茶厂字样的内飞。
[194/200] 6d08a5047f3f.jpg: 汤色 | 白瓷品茗杯中盛有红浓明亮的茶汤。
[195/200] 1c26867b792c.jpg: 饼面 | 条索紧结，色泽黑褐，间杂黄褐色芽叶。
[191/200] 6e54139501c1.jpg: 汤色 | 白瓷碗中茶汤浅黄混浊，表面漂浮大量细密泡沫与深色紧结茶块。
[196/200] 2e0196d9e018.jpg: 汤色 | 玻璃公道杯中茶汤呈深红褐色，红浓明亮。
[199/200] d3a2b5517c1a.jpg: 汤色 | 白瓷品茗杯中茶汤呈橙红色，明亮，杯底散落黑色碎茶末。
[198/200] 2197aafb46a6.jpg: 汤色 | 白瓷品茗杯中盛有橙黄色茶汤，汤色明亮，杯底可见少量细碎茶渣。
[200/200] 7f7d8ed985c0.jpg: 汤色 | 白瓷品茗杯中茶汤呈浅黄色，明亮。
[197/200] f6da0ae1fdc6.jpg: 其他 | 青花瓷建水，口部覆盖铜色镂空回纹盖，釉面光洁。
Traceback (most recent call last):
  File "/Library/Frameworks/Python.framework/Versions/3.14/lib/python3.14/site-packages/urllib3/connectionpool.py", line 787, in urlopen
    response = self._make_request(
        conn,
    ...<10 lines>...
        **response_kw,
    )
  File "/Library/Frameworks/Python.framework/Versions/3.14/lib/python3.14/site-packages/urllib3/connectionpool.py", line 534, in _make_request
    response = conn.getresponse()
  File "/Library/Frameworks/Python.framework/Versions/3.14/lib/python3.14/site-packages/urllib3/connection.py", line 571, in getresponse
    httplib_response = super().getresponse()
  File "/Library/Frameworks/Python.framework/Versions/3.14/lib/python3.14/http/client.py", line 1450, in getresponse
    response.begin()
    ~~~~~~~~~~~~~~^^
  File "/Library/Frameworks/Python.framework/Versions/3.14/lib/python3.14/http/client.py", line 336, in begin
    version, status, reason = self._read_status()
                              ~~~~~~~~~~~~~~~~~^^
  File "/Library/Frameworks/Python.framework/Versions/3.14/lib/python3.14/http/client.py", line 297, in _read_status
    line = str(self.fp.readline(_MAXLINE + 1), "iso-8859-1")
               ~~~~~~~~~~~~~~~~^^^^^^^^^^^^^^
  File "/Library/Frameworks/Python.framework/Versions/3.14/lib/python3.14/socket.py", line 725, in readinto
    return self._sock.recv_into(b)
           ~~~~~~~~~~~~~~~~~~~~^^^
  File "/Library/Frameworks/Python.framework/Versions/3.14/lib/python3.14/ssl.py", line 1304, in recv_into
    return self.read(nbytes, buffer)
           ~~~~~~~~~^^^^^^^^^^^^^^^^
  File "/Library/Frameworks/Python.framework/Versions/3.14/lib/python3.14/ssl.py", line 1138, in read
    return self._sslobj.read(len, buffer)
           ~~~~~~~~~~~~~~~~~^^^^^^^^^^^^^
ConnectionResetError: [Errno 54] Connection reset by peer

During handling of the above exception, another exception occurred:

Traceback (most recent call last):
  File "/Library/Frameworks/Python.framework/Versions/3.14/lib/python3.14/site-packages/requests/adapters.py", line 644, in send
    resp = conn.urlopen(
        method=request.method,
    ...<9 lines>...
        chunked=chunked,
    )
  File "/Library/Frameworks/Python.framework/Versions/3.14/lib/python3.14/site-packages/urllib3/connectionpool.py", line 841, in urlopen
    retries = retries.increment(
        method, url, error=new_e, _pool=self, _stacktrace=sys.exc_info()[2]
    )
  File "/Library/Frameworks/Python.framework/Versions/3.14/lib/python3.14/site-packages/urllib3/util/retry.py", line 490, in increment
    raise reraise(type(error), error, _stacktrace)
          ~~~~~~~^^^^^^^^^^^^^^^^^^^^^^^^^^^^^^^^^
  File "/Library/Frameworks/Python.framework/Versions/3.14/lib/python3.14/site-packages/urllib3/util/util.py", line 38, in reraise
    raise value.with_traceback(tb)
  File "/Library/Frameworks/Python.framework/Versions/3.14/lib/python3.14/site-packages/urllib3/connectionpool.py", line 787, in urlopen
    response = self._make_request(
        conn,
    ...<10 lines>...
        **response_kw,
    )
  File "/Library/Frameworks/Python.framework/Versions/3.14/lib/python3.14/site-packages/urllib3/connectionpool.py", line 534, in _make_request
    response = conn.getresponse()
  File "/Library/Frameworks/Python.framework/Versions/3.14/lib/python3.14/site-packages/urllib3/connection.py", line 571, in getresponse
    httplib_response = super().getresponse()
  File "/Library/Frameworks/Python.framework/Versions/3.14/lib/python3.14/http/client.py", line 1450, in getresponse
    response.begin()
    ~~~~~~~~~~~~~~^^
  File "/Library/Frameworks/Python.framework/Versions/3.14/lib/python3.14/http/client.py", line 336, in begin
    version, status, reason = self._read_status()
                              ~~~~~~~~~~~~~~~~~^^
  File "/Library/Frameworks/Python.framework/Versions/3.14/lib/python3.14/http/client.py", line 297, in _read_status
    line = str(self.fp.readline(_MAXLINE + 1), "iso-8859-1")
               ~~~~~~~~~~~~~~~~^^^^^^^^^^^^^^
  File "/Library/Frameworks/Python.framework/Versions/3.14/lib/python3.14/socket.py", line 725, in readinto
    return self._sock.recv_into(b)
           ~~~~~~~~~~~~~~~~~~~~^^^
  File "/Library/Frameworks/Python.framework/Versions/3.14/lib/python3.14/ssl.py", line 1304, in recv_into
    return self.read(nbytes, buffer)
           ~~~~~~~~~^^^^^^^^^^^^^^^^
  File "/Library/Frameworks/Python.framework/Versions/3.14/lib/python3.14/ssl.py", line 1138, in read
    return self._sslobj.read(len, buffer)
           ~~~~~~~~~~~~~~~~~^^^^^^^^^^^^^
urllib3.exceptions.ProtocolError: ('Connection aborted.', ConnectionResetError(54, 'Connection reset by peer'))

During handling of the above exception, another exception occurred:

Traceback (most recent call last):
  File "/Users/kjonekong/Documents/puer-ai/data-engine/teacher_prelabel_b2.py", line 158, in <module>
    main()
    ~~~~^^
  File "/Users/kjonekong/Documents/puer-ai/data-engine/teacher_prelabel_b2.py", line 154, in main
    f.result()
    ~~~~~~~~^^
  File "/Library/Frameworks/Python.framework/Versions/3.14/lib/python3.14/concurrent/futures/_base.py", line 443, in result
    return self.__get_result()
           ~~~~~~~~~~~~~~~~~^^
  File "/Library/Frameworks/Python.framework/Versions/3.14/lib/python3.14/concurrent/futures/_base.py", line 395, in __get_result
    raise self._exception
  File "/Library/Frameworks/Python.framework/Versions/3.14/lib/python3.14/concurrent/futures/thread.py", line 86, in run
    result = ctx.run(self.task)
  File "/Library/Frameworks/Python.framework/Versions/3.14/lib/python3.14/concurrent/futures/thread.py", line 73, in run
    return fn(*args, **kwargs)
  File "/Users/kjonekong/Documents/puer-ai/data-engine/teacher_prelabel_b2.py", line 84, in process_one
    local = fetch(p)
  File "/Users/kjonekong/Documents/puer-ai/data-engine/teacher_prelabel_b2.py", line 49, in fetch
    r = SESSION.get("https://puer.im" + url_path, timeout=60)
  File "/Library/Frameworks/Python.framework/Versions/3.14/lib/python3.14/site-packages/requests/sessions.py", line 602, in get
    return self.request("GET", url, **kwargs)
           ~~~~~~~~~~~~^^^^^^^^^^^^^^^^^^^^^^
  File "/Library/Frameworks/Python.framework/Versions/3.14/lib/python3.14/site-packages/requests/sessions.py", line 589, in request
    resp = self.send(prep, **send_kwargs)
  File "/Library/Frameworks/Python.framework/Versions/3.14/lib/python3.14/site-packages/requests/sessions.py", line 703, in send
    r = adapter.send(request, **kwargs)
  File "/Library/Frameworks/Python.framework/Versions/3.14/lib/python3.14/site-packages/requests/adapters.py", line 659, in send
    raise ConnectionError(err, request=request)
requests.exceptions.ConnectionError: ('Connection aborted.', ConnectionResetError(54, 'Connection reset by peer'))
