熟茶之美/古树熟茶探讨/有关惠风熟茶的微信沟通探讨.pdf p1...
熟茶之美/古树熟茶探讨/有关惠风熟茶的微信沟通探讨.pdf p2...
熟茶之美/古树熟茶探讨/有关惠风熟茶的微信沟通探讨.pdf p3...
熟茶之美/古树熟茶探讨/有关惠风熟茶的微信沟通探讨.pdf p4...
熟茶之美/古树熟茶探讨/有关惠风熟茶的微信沟通探讨.pdf p5...
熟茶之美/古树熟茶探讨/有关惠风熟茶的微信沟通探讨.pdf p6...
熟茶之美/古树熟茶探讨/有关惠风熟茶的微信沟通探讨.pdf p7...
熟茶之美/古树熟茶探讨/有关惠风熟茶的微信沟通探讨.pdf p8...
熟茶之美/古树熟茶探讨/有关惠风熟茶的微信沟通探讨.pdf p9...
熟茶之美/古树熟茶探讨/有关惠风熟茶的微信沟通探讨.pdf: 3815 chars -> 8 chunks
熟茶之美/古树熟茶探讨/有关风行熟茶的微信沟通探讨.pdf p1...
熟茶之美/古树熟茶探讨/有关风行熟茶的微信沟通探讨.pdf p2...
熟茶之美/古树熟茶探讨/有关风行熟茶的微信沟通探讨.pdf p3...
熟茶之美/古树熟茶探讨/有关风行熟茶的微信沟通探讨.pdf p4...
熟茶之美/古树熟茶探讨/有关风行熟茶的微信沟通探讨.pdf p5...
熟茶之美/古树熟茶探讨/有关风行熟茶的微信沟通探讨.pdf p6...
熟茶之美/古树熟茶探讨/有关风行熟茶的微信沟通探讨.pdf p7...
熟茶之美/古树熟茶探讨/有关风行熟茶的微信沟通探讨.pdf p8...
熟茶之美/古树熟茶探讨/有关风行熟茶的微信沟通探讨.pdf: 3957 chars -> 8 chunks
/小小盘点7月/图片1_20250719142208.pdf p1...
/小小盘点7月/图片1_20250719142208.pdf: 931 chars -> 2 chunks
OCR DONE
